{
  "exclude": {
    "files": "go.sum|^.secrets.baseline$",
    "lines": null
  },
  "generated_at": "2026-09-03T12:05:28Z",
  "plugins_used": [
    {
      "name": "AWSKeyDetector"
    },
    {
      "name": "ArtifactoryDetector"
    },
    {
      "name": "AzureStorageKeyDetector"
    },
    {
      "base64_limit": 4.5,
      "name": "Base64HighEntropyString"
    },
    {
      "name": "BasicAuthDetector"
    },
    {
      "name": "BoxDetector"
    },
    {
      "name": "CloudantDetector"
    },
    {
      "name": "GitHubTokenDetector"
    },
    {
      "hex_limit": 3,
      "name": "HexHighEntropyString"
    },
    {
      "name": "IbmCloudIamDetector"
    },
    {
      "name": "IbmCosHmacDetector"
    },
    {
      "name": "JwtTokenDetector"
    },
    {
      "keyword_exclude": null,
      "name": "KeywordDetector"
    },
    {
      "name": "MailchimpDetector"
    },
    {
      "name": "NpmDetector"
    },
    {
      "name": "PrivateKeyDetector"
    },
    {
      "name": "SlackDetector"
    },
    {
      "name": "SoftlayerDetector"
    },
    {
      "name": "SquareOAuthDetector"
    },
    {
      "name": "StripeDetector"
    },
    {
      "name": "TwilioKeyDetector"
    }
  ],
  "results": {
    "internal/state/controlled_component.go": [
      {
        "hashed_secret": "9fbd4024ebb2c7e2779a80aa127d560c62234e4f",
        "is_secret": false,
        "is_verified": false,
        "line_number": 328,
        "type": "Secret Keyword",
        "verified_result": null
      }
    ],
    "internal/state/controlled_component_test.go": [
      {
        "hashed_secret": "9fbd4024ebb2c7e2779a80aa127d560c62234e4f",
        "is_secret": false,
        "is_verified": false,
        "line_number": 505,
        "type": "Secret Keyword",
        "verified_result": null
      },
      {
        "hashed_secret": "0505ee303edffbbcb314426728ca74ac30ad2e71",
        "is_secret": false,
        "is_verified": false,
        "line_number": 535,
        "type": "Secret Keyword",
        "verified_result": null
      }
    ]
  },
  "version": "0.13.1+ibm.64.dss",
  "word_list": {
    "file": null,
    "hash": null
  }
}
